---
source: crates/noseyparker-cli/tests/scan/basic/mod.rs
expression: json_output
---
[]
