---
source: crates/noseyparker-cli/tests/test_noseyparker_help.rs
expression: status
---
exit status: 2
