---
source: crates/noseyparker-cli/tests/test_noseyparker_help.rs
expression: stderr
---
error: unrecognized subcommand 'version'

Usage: noseyparker [OPTIONS] <COMMAND>

For more information, try '--help'.

